../Drivers/STM32WBxx_HAL_Driver/Inc/stm32wbxx_ll_bus.h:539:22:LL_AHB2_GRP1_EnableClock	24	static
../Core/Src/main.c:86:7:read_temperature	40	static
../Core/Src/main.c:107:10:read_adc_value	16	static
../Core/Src/main.c:132:7:read_adc_voltage	16	static
../Core/Src/main.c:141:10:read_adc_value_avg	24	static
../Core/Src/main.c:152:7:calculate_human_resistance	24	static
../Core/Src/main.c:169:5:main	48	static
../Core/Src/main.c:272:6:SystemClock_Config	112	static
../Core/Src/main.c:318:6:PeriphCommonClock_Config	88	static
../Core/Src/main.c:342:13:MX_ADC1_Init	32	static
../Core/Src/main.c:400:13:MX_I2C3_Init	8	static
../Core/Src/main.c:448:13:MX_LPUART1_UART_Init	8	static
../Core/Src/main.c:496:13:MX_GPIO_Init	32	static
../Core/Src/main.c:529:6:Error_Handler	4	static,ignoring_inline_asm
