../Drivers/STM32WBxx_HAL_Driver/Inc/stm32wbxx_ll_bus.h:539:22:LL_AHB2_GRP1_EnableClock	24	static
../Core/Src/main.c:103:5:main	120	static
../Core/Src/main.c:244:6:SystemClock_Config	112	static
../Core/Src/main.c:290:6:PeriphCommonClock_Config	88	static
../Core/Src/main.c:314:13:MX_ADC1_Init	32	static
../Core/Src/main.c:371:13:MX_I2C1_Init	8	static
../Core/Src/main.c:419:13:MX_I2C3_Init	8	static
../Core/Src/main.c:467:13:MX_LPUART1_UART_Init	8	static
../Core/Src/main.c:515:13:MX_GPIO_Init	32	static
../Core/Src/main.c:553:6:Error_Handler	4	static,ignoring_inline_asm
