11:26:44 **** Incremental Build of configuration Debug for project SeniorProject ****
make -j16 all 
arm-none-eabi-gcc "../Core/Src/main.c" -mcpu=cortex-m4 -std=gnu11 -g3 -DDEBUG -DUSE_NUCLEO_64 -DUSE_HAL_DRIVER -DSTM32WB55xx -c -I../Core/Inc -I../Drivers/STM32WBxx_HAL_Driver/Inc -I../Drivers/STM32WBxx_HAL_Driver/Inc/Legacy -I../Drivers/BSP/P-NUCLEO-WB55.Nucleo -I../Drivers/CMSIS/Device/ST/STM32WBxx/Include -I../Drivers/CMSIS/Include -O0 -ffunction-sections -fdata-sections -Wall -fstack-usage -fcyclomatic-complexity -MMD -MP -MF"Core/Src/main.d" -MT"Core/Src/main.o" --specs=nano.specs -mfpu=fpv4-sp-d16 -mfloat-abi=hard -mthumb -o "Core/Src/main.o"
arm-none-eabi-gcc -o "SeniorProject.elf" @"objects.list"   -mcpu=cortex-m4 -T"C:\Users\School\Documents\SeniorProject\SeniorProject\STM32WB55RGVX_FLASH.ld" --specs=nosys.specs -Wl,-Map="SeniorProject.map" -Wl,--gc-sections -static --specs=nano.specs -mfpu=fpv4-sp-d16 -mfloat-abi=hard -mthumb -u _printf_float -Wl,--start-group -lc -lm -Wl,--end-group
Finished building target: SeniorProject.elf
 
arm-none-eabi-size  SeniorProject.elf 
arm-none-eabi-objdump -h -S SeniorProject.elf  > "SeniorProject.list"
   text	   data	    bss	    dec	    hex	filename
  40612	    496	   2488	  43596	   aa4c	SeniorProject.elf
Finished building: default.size.stdout
 
Finished building: SeniorProject.list
 

11:26:46 Build Finished. 0 errors, 0 warnings. (took 1s.409ms)

